  Determining projects to restore...
  All projects are up-to-date for restore.
D:\netProgress\netPortfolio\.worktrees\feature\ocr-system\backend\obj\Debug\net8.0\.NETCoreApp,Version=v8.0.AssemblyAttributes.cs(4,12): error CS0579: Duplicate 'global::System.Runtime.Versioning.TargetFrameworkAttribute' attribute [D:\netProgress\netPortfolio\.worktrees\feature\ocr-system\backend\OcrApi.csproj]

Build FAILED.

D:\netProgress\netPortfolio\.worktrees\feature\ocr-system\backend\obj\Debug\net8.0\.NETCoreApp,Version=v8.0.AssemblyAttributes.cs(4,12): error CS0579: Duplicate 'global::System.Runtime.Versioning.TargetFrameworkAttribute' attribute [D:\netProgress\netPortfolio\.worktrees\feature\ocr-system\backend\OcrApi.csproj]
    0 Warning(s)
    1 Error(s)

Time Elapsed 00:00:05.10
